// Jest Snapshot v1, https://goo.gl/fbAQLP

exports[`snapshots match snapshots 1`] = `
"version: '3.3'
services:
    nginx:
        ports:
            - '80:80'
        volumes:
            - '/var/run/docker.sock:/tmp/docker.sock:ro'
        restart: always
        logging:
            options:
                max-size: 1g
        image: nginx"
`;

exports[`snapshots match snapshots 2`] = `
"version: '3.3'
services:
    nginx:
        ports:
            - '80:80'
        volumes:
            - '/var/run/docker.sock:/tmp/docker.sock:ro'
        restart: always
        logging:
            options:
                max-size: 1g
        image: nginx"
`;

exports[`snapshots match snapshots 3`] = `
"version: '3.3'
services:
    youtrack:
        container_name: youtrack
        volumes:
            - '/data/youtrack/data/:/opt/youtrack/data/'
            - '/data/youtrack/backup/:/opt/youtrack/backup/'
        ports:
            - '80:80'
            - '3232:22351'
        image: uniplug/youtrack"
`;

exports[`snapshots match snapshots 4`] = `
"version: '3.3'
services:
    nginx:
        container_name: foobar
        image: nginx"
`;

exports[`snapshots match snapshots 5`] = `
"version: '3.3'
services:
    nginx:
        ports:
            - '80:80'
        container_name: webserver
        image: 'nginx:latest'"
`;

exports[`snapshots match snapshots 6`] = `
"version: '3.3'
services:
    baz:
        ports:
            - '80:80'
        image: 'foobar/baz:latest'"
`;

exports[`snapshots match snapshots 7`] = `
"version: '3.3'
services:
    baz:
        privileged: true
        ports:
            - '80:80'
        image: 'foobar/baz:latest'"
`;

exports[`snapshots match snapshots 8`] = `
"version: '3.3'
services:
    pms-docker:
        container_name: plex
        network_mode: host
        environment:
            - TZ=<timezone>
            - PLEX_CLAIM=<claimToken>
        volumes:
            - '<path/to/plex/database>:/config'
            - '<path/to/transcode/temp>:/transcode'
            - '<path/to/media>:/data'
        image: plexinc/pms-docker"
`;

exports[`snapshots match snapshots 9`] = `
"version: '3.3'
services:
    pms-docker:
        container_name: plex
        network_mode: host
        environment:
            - TZ=<timezone>
            - PLEX_CLAIM=<claimToken>
        volumes:
            - '<path/to/plex/database>:/config'
            - '<path/to/transcode/temp>:/transcode'
            - '<path/to/media>:/data'
        image: plexinc/pms-docker"
`;

exports[`snapshots match snapshots 10`] = `
"version: '3.3'
services:
    nginx:
        ports:
            - '80:80'
        container_name: webserver
        image: 'nginx:latest'"
`;

exports[`snapshots match snapshots 11`] = `
"version: '3.3'
services:
    nginx:
        ports:
            - '80:80'
        pid: host
        container_name: webserver
        image: 'nginx:latest'"
`;

exports[`snapshots match snapshots 12`] = `
"version: '3.3'
services:
    nginx:
        ports:
            - '80:80'
        ulimits:
          nofile:
            soft: 1234
            hard: 1234
        pid: host
        container_name: webserver
        image: 'nginx:latest'"
`;
